C:\Windows\system32>docker ps -a
CONTAINER ID   IMAGE     COMMAND   CREATED   STATUS    PORTS     NAMES

C:\Windows\system32>docker run -d -it --name Test ubuntu
Unable to find image 'ubuntu:latest' locally
latest: Pulling from library/ubuntu
f3ef4ff62e0d: Pull complete
Digest: sha256:a0d9e826ab87bd665cfc640598a871b748b4b70a01a4f3d174d4fb02adad07a9
Status: Downloaded newer image for ubuntu:latest
c38eb36e5aa3fd0eea0ba544446bd9764b807797e056fadcb390a1778a9d94a6

C:\Windows\system32>docker exec Test bash

C:\Windows\system32>docker exec -it Test bash
root@c38eb36e5aa3:/# apt update
Get:1 http://archive.ubuntu.com/ubuntu focal InRelease [265 kB]
Get:2 http://security.ubuntu.com/ubuntu focal-security InRelease [114 kB]
Get:3 http://archive.ubuntu.com/ubuntu focal-updates InRelease [114 kB]
Get:4 http://archive.ubuntu.com/ubuntu focal-backports InRelease [101 kB]
Get:5 http://archive.ubuntu.com/ubuntu focal/multiverse amd64 Packages [177 kB]
Get:6 http://archive.ubuntu.com/ubuntu focal/universe amd64 Packages [11.3 MB]
Get:7 http://security.ubuntu.com/ubuntu focal-security/universe amd64 Packages [796 kB]
Get:8 http://security.ubuntu.com/ubuntu focal-security/main amd64 Packages [1135 kB]
Get:9 http://security.ubuntu.com/ubuntu focal-security/multiverse amd64 Packages [30.1 kB]
Get:10 http://security.ubuntu.com/ubuntu focal-security/restricted amd64 Packages [581 kB]
Get:11 http://archive.ubuntu.com/ubuntu focal/restricted amd64 Packages [33.4 kB]
Get:12 http://archive.ubuntu.com/ubuntu focal/main amd64 Packages [1275 kB]
Get:13 http://archive.ubuntu.com/ubuntu focal-updates/main amd64 Packages [1582 kB]
Get:14 http://archive.ubuntu.com/ubuntu focal-updates/restricted amd64 Packages [632 kB]
Get:15 http://archive.ubuntu.com/ubuntu focal-updates/multiverse amd64 Packages [33.3 kB]
Get:16 http://archive.ubuntu.com/ubuntu focal-updates/universe amd64 Packages [1084 kB]
Get:17 http://archive.ubuntu.com/ubuntu focal-backports/universe amd64 Packages [6310 B]
Get:18 http://archive.ubuntu.com/ubuntu focal-backports/main amd64 Packages [2668 B]
Fetched 19.3 MB in 9s (2047 kB/s)
Reading package lists... Done
Building dependency tree
Reading state information... Done
4 packages can be upgraded. Run 'apt list --upgradable' to see them.
root@c38eb36e5aa3:/# curl --version
bash: curl: command not found
root@c38eb36e5aa3:/# apt install curl -y
Reading package lists... Done
Building dependency tree
Reading state information... Done
The following additional packages will be installed:
  ca-certificates krb5-locales libasn1-8-heimdal libbrotli1 libcurl4 libgssapi-krb5-2 libgssapi3-heimdal
  libhcrypto4-heimdal libheimbase1-heimdal libheimntlm0-heimdal libhx509-5-heimdal libk5crypto3 libkeyutils1
  libkrb5-26-heimdal libkrb5-3 libkrb5support0 libldap-2.4-2 libldap-common libnghttp2-14 libpsl5 libroken18-heimdal
  librtmp1 libsasl2-2 libsasl2-modules libsasl2-modules-db libsqlite3-0 libssh-4 libssl1.1 libwind0-heimdal openssl
  publicsuffix
Suggested packages:
  krb5-doc krb5-user libsasl2-modules-gssapi-mit | libsasl2-modules-gssapi-heimdal libsasl2-modules-ldap
  libsasl2-modules-otp libsasl2-modules-sql
................................
Updating certificates in /etc/ssl/certs...
0 added, 0 removed; done.
Running hooks in /etc/ca-certificates/update.d...
done.
root@c38eb36e5aa3:/# curl --version
curl 7.68.0 (x86_64-pc-linux-gnu) libcurl/7.68.0 OpenSSL/1.1.1f zlib/1.2.11 brotli/1.0.7 libidn2/2.2.0 libpsl/0.21.0 (+libidn2/2.2.0) libssh/0.9.3/openssl/zlib nghttp2/1.40.0 librtmp/2.3
Release-Date: 2020-01-08
Protocols: dict file ftp ftps gopher http https imap imaps ldap ldaps pop3 pop3s rtmp rtsp scp sftp smb smbs smtp smtps telnet tftp
Features: AsynchDNS brotli GSS-API HTTP2 HTTPS-proxy IDN IPv6 Kerberos Largefile libz NTLM NTLM_WB PSL SPNEGO SSL TLS-SRP UnixSockets
root@c38eb36e5aa3:/# sh -c 'echo "Input website:"; read website; echo "Searching.."; sleep 1; curl http://$website;'
Input website:
helsinki.fi
Searching..
<!DOCTYPE HTML PUBLIC "-//IETF//DTD HTML 2.0//EN">
<html><head>
<title>301 Moved Permanently</title>
</head><body>
<h1>Moved Permanently</h1>
<p>The document has moved <a href="https://www.helsinki.fi/">here</a>.</p>
</body></html>
root@c38eb36e5aa3:/#